// Jest Snapshot v1, https://goo.gl/fbAQLP

exports[`should render ExpenseDashboardPage correctly 1`] = `
<div>
  <p>
    This is my dashboard component.
  </p>
  <Connect(ExpensesList) />
</div>
`;
